Nodes (1): x4615c0s5b0n0.hsn.cm.aurora.alcf.anl.gov,
PPN: 48, NRANKS: 48, NITER: 10, chunk_size: 2MiB, disable_page_cache: 0
########################################################
# Mode: DFS
########################################################
Running IOR smoke test (DFS)
Successfully created container 409d2c0b-ed79-40a8-b121-6c29b07e2c6f
  Container UUID : 409d2c0b-ed79-40a8-b121-6c29b07e2c6f
  Container Label: xmei-ior_n1_DFS                     
  Container Type : POSIX                               

Container xmei-ior_n1_DFS created.
Properties for container xmei-ior_n1_DFS
Name                                             Value                               
----                                             -----                               
Highest Allocated OID (alloc_oid)                0                                   
Checksum (cksum)                                 off                                 
Checksum Chunk Size (cksum_size)                 32 KiB                              
Compression (compression)                        off                                 
Deduplication (dedup)                            off                                 
Dedupe Threshold (dedup_threshold)               4.0 KiB                             
EC Cell Size (ec_cell_sz)                        64 KiB                              
Performance domain affinity level of EC (ec_pda) 1                                   
Encryption (encryption)                          off                                 
Global Version (global_version)                  3                                   
Group (group)                                    users@                              
Label (label)                                    xmei-ior_n1_DFS                     
Layout Type (layout_type)                        POSIX (1)                           
Layout Version (layout_version)                  1                                   
Max Snapshot (max_snapshot)                      0                                   
Object Version (obj_version)                     2                                   
Owner (owner)                                    xmei@                               
Performance domain level (perf_domain)           root (255)                          
Redundancy Factor (rd_fac)                       rd_fac0                             
Redundancy Level (rd_lvl)                        node (2)                            
Performance domain affinity level of RP (rp_pda) 4294967295                          
Server Checksumming (srv_cksum)                  off                                 
Health (status)                                  HEALTHY                             
Access Control List (acl)                        A::OWNER@:rwdtTaAo, A:G:GROUP@:rwtT 
  Container UUID              : 409d2c0b-ed79-40a8-b121-6c29b07e2c6f                        
  Container Label             : xmei-ior_n1_DFS                                             
  Container Type              : POSIX                                                       
  Pool UUID                   : 33501c2e-2721-4811-adbb-118f78785224                        
  Container redundancy factor : 0                                                           
  Number of open handles      : 1                                                           
  Latest open time            : 0x26ec10a95d740000 (2026-07-22 19:34:46.721773568 +0000 UTC)
  Latest close/modify time    : 0x26ec10a968880003 (2026-07-22 19:34:46.733389824 +0000 UTC)
  Number of snapshots         : 0                                                           
  Object Class                : UNKNOWN                                                     
  Dir Object Class            : S1                                                          
  File Object Class           : S3877                                                       
  Chunk Size                  : 2.0 MiB                                                     

IOR-4.0.0: MPI Coordinated Test of Parallel I/O
Began               : Wed Jul 22 19:34:53 2026
Command line        : /home/xmei/ior/install/bin/ior -a DFS -w -r --dfs.pool e2sar --dfs.cont xmei-ior_n1_DFS --dfs.chunk_size=2m -o /ior-smoke -b 64M -t 16M
Machine             : Linux x4615c0s5b0n0
TestID              : 0
StartTime           : Wed Jul 22 19:34:56 2026
Path                : /ior-smoke
FS                  : 90.9 TiB   Used FS: 15.6%   Inodes: -0.0 Mi   Used Inodes: 0.0%

Options: 
api                 : DFS
apiVersion          : DAOS
test filename       : /ior-smoke
access              : single-shared-file
type                : independent
segments            : 1
ordering in a file  : sequential
ordering inter file : no tasks offsets
nodes               : 1
tasks               : 48
clients per node    : 48
repetitions         : 1
xfersize            : 16 MiB
blocksize           : 64 MiB
aggregate filesize  : 3 GiB

Results: 

access    bw(MiB/s)  IOPS       Latency(s)  block(KiB) xfer(KiB)  open(s)    wr/rd(s)   close(s)   total(s)   iter
------    ---------  ----       ----------  ---------- ---------  --------   --------   --------   --------   ----
write     126738     8926       0.003212    65536      16384      0.005190   0.021510   0.008708   0.024239   0   
read      68908      4519       0.004929    65536      16384      0.004808   0.042491   0.022783   0.044581   0   

Summary of all tests:
Operation   Max(MiB)   Min(MiB)  Mean(MiB)     StdDev   Max(OPs)   Min(OPs)  Mean(OPs)     StdDev    Mean(s) Stonewall(s) Stonewall(MiB) Test# #Tasks tPN reps fPP reord reordoff reordrand seed segcnt   blksiz    xsize aggs(MiB)   API RefNum
write      126737.57  126737.57  126737.57       0.00    7921.10    7921.10    7921.10       0.00    0.02424         NA            NA     0     48  48    1   0     0        1         0    0      1 67108864 16777216    3072.0 DFS      0
read        68908.38   68908.38   68908.38       0.00    4306.77    4306.77    4306.77       0.00    0.04458         NA            NA     0     48  48    1   0     0        1         0    0      1 67108864 16777216    3072.0 DFS      0
Finished            : Wed Jul 22 19:34:57 2026
Successfully destroyed container xmei-ior_n1_DFS

Running IOR read-write (DFS) tx_size=2M ppn=48 total_ranks=48
Successfully created container 974ece36-886d-4ce7-a7cb-a1935c43c6c3
  Container UUID : 974ece36-886d-4ce7-a7cb-a1935c43c6c3
  Container Label: xmei-ior_n1_DFS                     
  Container Type : POSIX                               

Container xmei-ior_n1_DFS created.
Properties for container xmei-ior_n1_DFS
Name                                             Value                               
----                                             -----                               
Highest Allocated OID (alloc_oid)                0                                   
Checksum (cksum)                                 off                                 
Checksum Chunk Size (cksum_size)                 32 KiB                              
Compression (compression)                        off                                 
Deduplication (dedup)                            off                                 
Dedupe Threshold (dedup_threshold)               4.0 KiB                             
EC Cell Size (ec_cell_sz)                        64 KiB                              
Performance domain affinity level of EC (ec_pda) 1                                   
Encryption (encryption)                          off                                 
Global Version (global_version)                  3                                   
Group (group)                                    users@                              
Label (label)                                    xmei-ior_n1_DFS                     
Layout Type (layout_type)                        POSIX (1)                           
Layout Version (layout_version)                  1                                   
Max Snapshot (max_snapshot)                      0                                   
Object Version (obj_version)                     2                                   
Owner (owner)                                    xmei@                               
Performance domain level (perf_domain)           root (255)                          
Redundancy Factor (rd_fac)                       rd_fac0                             
Redundancy Level (rd_lvl)                        node (2)                            
Performance domain affinity level of RP (rp_pda) 4294967295                          
Server Checksumming (srv_cksum)                  off                                 
Health (status)                                  HEALTHY                             
Access Control List (acl)                        A::OWNER@:rwdtTaAo, A:G:GROUP@:rwtT 
  Container UUID              : 974ece36-886d-4ce7-a7cb-a1935c43c6c3                        
  Container Label             : xmei-ior_n1_DFS                                             
  Container Type              : POSIX                                                       
  Pool UUID                   : 33501c2e-2721-4811-adbb-118f78785224                        
  Container redundancy factor : 0                                                           
  Number of open handles      : 1                                                           
  Latest open time            : 0x26ec10e3d3fc0000 (2026-07-22 19:35:02.41531904 +0000 UTC) 
  Latest close/modify time    : 0x26ec10e3df880003 (2026-07-22 19:35:02.427426816 +0000 UTC)
  Number of snapshots         : 0                                                           
  Object Class                : UNKNOWN                                                     
  Dir Object Class            : S1                                                          
  File Object Class           : S3877                                                       
  Chunk Size                  : 2.0 MiB                                                     

Writing output to ../../../results/aurora/ior/ior-rw-3modes/ior_rw_DFS_cache_n-1_ppn-48_tx-2M_1784748906.csv
Writing output to ../../../results/aurora/ior/ior-rw-3modes/ior_rw_DFS_cache_n-1_ppn-48_tx-2M_1784748906.csv
Writing output to ../../../results/aurora/ior/ior-rw-3modes/ior_rw_DFS_cache_n-1_ppn-48_tx-2M_1784748906.csv
Writing output to ../../../results/aurora/ior/ior-rw-3modes/ior_rw_DFS_cache_n-1_ppn-48_tx-2M_1784748906.csv
Writing output to ../../../results/aurora/ior/ior-rw-3modes/ior_rw_DFS_cache_n-1_ppn-48_tx-2M_1784748906.csv
Writing output to ../../../results/aurora/ior/ior-rw-3modes/ior_rw_DFS_cache_n-1_ppn-48_tx-2M_1784748906.csv
Writing output to ../../../results/aurora/ior/ior-rw-3modes/ior_rw_DFS_cache_n-1_ppn-48_tx-2M_1784748906.csv
Writing output to ../../../results/aurora/ior/ior-rw-3modes/ior_rw_DFS_cache_n-1_ppn-48_tx-2M_1784748906.csv
Writing output to ../../../results/aurora/ior/ior-rw-3modes/ior_rw_DFS_cache_n-1_ppn-48_tx-2M_1784748906.csv
Writing output to ../../../results/aurora/ior/ior-rw-3modes/ior_rw_DFS_cache_n-1_ppn-48_tx-2M_1784748906.csv
Writing output to ../../../results/aurora/ior/ior-rw-3modes/ior_rw_DFS_cache_n-1_ppn-48_tx-2M_1784748906.csv
Writing output to ../../../results/aurora/ior/ior-rw-3modes/ior_rw_DFS_cache_n-1_ppn-48_tx-2M_1784748906.csv
Writing output to ../../../results/aurora/ior/ior-rw-3modes/ior_rw_DFS_cache_n-1_ppn-48_tx-2M_1784748906.csv
Writing output to ../../../results/aurora/ior/ior-rw-3modes/ior_rw_DFS_cache_n-1_ppn-48_tx-2M_1784748906.csv
Writing output to ../../../results/aurora/ior/ior-rw-3modes/ior_rw_DFS_cache_n-1_ppn-48_tx-2M_1784748906.csv
Writing output to ../../../results/aurora/ior/ior-rw-3modes/ior_rw_DFS_cache_n-1_ppn-48_tx-2M_1784748906.csv
Writing output to ../../../results/aurora/ior/ior-rw-3modes/ior_rw_DFS_cache_n-1_ppn-48_tx-2M_1784748906.csv
Writing output to ../../../results/aurora/ior/ior-rw-3modes/ior_rw_DFS_cache_n-1_ppn-48_tx-2M_1784748906.csv
Writing output to ../../../results/aurora/ior/ior-rw-3modes/ior_rw_DFS_cache_n-1_ppn-48_tx-2M_1784748906.csv
Writing output to ../../../results/aurora/ior/ior-rw-3modes/ior_rw_DFS_cache_n-1_ppn-48_tx-2M_1784748906.csv
Writing output to ../../../results/aurora/ior/ior-rw-3modes/ior_rw_DFS_cache_n-1_ppn-48_tx-2M_1784748906.csv
Writing output to ../../../results/aurora/ior/ior-rw-3modes/ior_rw_DFS_cache_n-1_ppn-48_tx-2M_1784748906.csv
Writing output to ../../../results/aurora/ior/ior-rw-3modes/ior_rw_DFS_cache_n-1_ppn-48_tx-2M_1784748906.csv
Writing output to ../../../results/aurora/ior/ior-rw-3modes/ior_rw_DFS_cache_n-1_ppn-48_tx-2M_1784748906.csv
Writing output to ../../../results/aurora/ior/ior-rw-3modes/ior_rw_DFS_cache_n-1_ppn-48_tx-2M_1784748906.csv
Writing output to ../../../results/aurora/ior/ior-rw-3modes/ior_rw_DFS_cache_n-1_ppn-48_tx-2M_1784748906.csv
Writing output to ../../../results/aurora/ior/ior-rw-3modes/ior_rw_DFS_cache_n-1_ppn-48_tx-2M_1784748906.csv
Writing output to ../../../results/aurora/ior/ior-rw-3modes/ior_rw_DFS_cache_n-1_ppn-48_tx-2M_1784748906.csv
Writing output to ../../../results/aurora/ior/ior-rw-3modes/ior_rw_DFS_cache_n-1_ppn-48_tx-2M_1784748906.csv
Writing output to ../../../results/aurora/ior/ior-rw-3modes/ior_rw_DFS_cache_n-1_ppn-48_tx-2M_1784748906.csv
Writing output to ../../../results/aurora/ior/ior-rw-3modes/ior_rw_DFS_cache_n-1_ppn-48_tx-2M_1784748906.csv
Writing output to ../../../results/aurora/ior/ior-rw-3modes/ior_rw_DFS_cache_n-1_ppn-48_tx-2M_1784748906.csv
Writing output to ../../../results/aurora/ior/ior-rw-3modes/ior_rw_DFS_cache_n-1_ppn-48_tx-2M_1784748906.csv
Writing output to ../../../results/aurora/ior/ior-rw-3modes/ior_rw_DFS_cache_n-1_ppn-48_tx-2M_1784748906.csv
Writing output to ../../../results/aurora/ior/ior-rw-3modes/ior_rw_DFS_cache_n-1_ppn-48_tx-2M_1784748906.csv
Writing output to ../../../results/aurora/ior/ior-rw-3modes/ior_rw_DFS_cache_n-1_ppn-48_tx-2M_1784748906.csv
Writing output to ../../../results/aurora/ior/ior-rw-3modes/ior_rw_DFS_cache_n-1_ppn-48_tx-2M_1784748906.csv
Writing output to ../../../results/aurora/ior/ior-rw-3modes/ior_rw_DFS_cache_n-1_ppn-48_tx-2M_1784748906.csv
Writing output to ../../../results/aurora/ior/ior-rw-3modes/ior_rw_DFS_cache_n-1_ppn-48_tx-2M_1784748906.csv
Writing output to ../../../results/aurora/ior/ior-rw-3modes/ior_rw_DFS_cache_n-1_ppn-48_tx-2M_1784748906.csv
Writing output to ../../../results/aurora/ior/ior-rw-3modes/ior_rw_DFS_cache_n-1_ppn-48_tx-2M_1784748906.csv
Writing output to ../../../results/aurora/ior/ior-rw-3modes/ior_rw_DFS_cache_n-1_ppn-48_tx-2M_1784748906.csv
Writing output to ../../../results/aurora/ior/ior-rw-3modes/ior_rw_DFS_cache_n-1_ppn-48_tx-2M_1784748906.csv
Writing output to ../../../results/aurora/ior/ior-rw-3modes/ior_rw_DFS_cache_n-1_ppn-48_tx-2M_1784748906.csv
Writing output to ../../../results/aurora/ior/ior-rw-3modes/ior_rw_DFS_cache_n-1_ppn-48_tx-2M_1784748906.csv
Writing output to ../../../results/aurora/ior/ior-rw-3modes/ior_rw_DFS_cache_n-1_ppn-48_tx-2M_1784748906.csv
Writing output to ../../../results/aurora/ior/ior-rw-3modes/ior_rw_DFS_cache_n-1_ppn-48_tx-2M_1784748906.csv
Writing output to ../../../results/aurora/ior/ior-rw-3modes/ior_rw_DFS_cache_n-1_ppn-48_tx-2M_1784748906.csv
Successfully destroyed container xmei-ior_n1_DFS
Completed script in 78 seconds
