nohup: ignoring input
Nodes (1): x4218c1s5b0n0.hsn.cm.aurora.alcf.anl.gov,
PPN: 48, NRANKS: 48, NITER: 5, chunk_size: 2MiB
########################################################
# Mode: POSIX
########################################################
Running IOR smoke test (POSIX)
Container xmei-ior_n1_POSIX already exists, destroying it...
Successfully destroyed container xmei-ior_n1_POSIX
Successfully created container 345fb1ab-70e5-4c25-b866-0597e2f8493c
  Container UUID : 345fb1ab-70e5-4c25-b866-0597e2f8493c
  Container Label: xmei-ior_n1_POSIX                   
  Container Type : POSIX                               

Container xmei-ior_n1_POSIX created.
Properties for container xmei-ior_n1_POSIX
Name                                             Value                               
----                                             -----                               
Highest Allocated OID (alloc_oid)                0                                   
Checksum (cksum)                                 off                                 
Checksum Chunk Size (cksum_size)                 32 KiB                              
Compression (compression)                        off                                 
Deduplication (dedup)                            off                                 
Dedupe Threshold (dedup_threshold)               4.0 KiB                             
EC Cell Size (ec_cell_sz)                        64 KiB                              
Performance domain affinity level of EC (ec_pda) 1                                   
Encryption (encryption)                          off                                 
Global Version (global_version)                  3                                   
Group (group)                                    users@                              
Label (label)                                    xmei-ior_n1_POSIX                   
Layout Type (layout_type)                        POSIX (1)                           
Layout Version (layout_version)                  1                                   
Max Snapshot (max_snapshot)                      0                                   
Object Version (obj_version)                     2                                   
Owner (owner)                                    xmei@                               
Performance domain level (perf_domain)           root (255)                          
Redundancy Factor (rd_fac)                       rd_fac0                             
Redundancy Level (rd_lvl)                        node (2)                            
Performance domain affinity level of RP (rp_pda) 4294967295                          
Server Checksumming (srv_cksum)                  off                                 
Health (status)                                  HEALTHY                             
Access Control List (acl)                        A::OWNER@:rwdtTaAo, A:G:GROUP@:rwtT 
dfuse on /tmp/e2sar/xmei-ior_n1_POSIX type fuse.daos (rw,nosuid,nodev,noatime,user_id=38269,group_id=100,default_permissions)
IOR-4.0.0: MPI Coordinated Test of Parallel I/O
Began               : Tue Jul 21 20:50:51 2026
Command line        : /home/xmei/ior/install/bin/ior -a POSIX -w -r --posix.odirect -o /tmp/e2sar/xmei-ior_n1_POSIX/ior-smoke -b 64M -t 16M
Machine             : Linux x4218c1s5b0n0
TestID              : 0
StartTime           : Tue Jul 21 20:50:51 2026
Path                : /tmp/e2sar/xmei-ior_n1_POSIX/ior-smoke
FS                  : 90.9 TiB   Used FS: 15.4%   Inodes: -0.0 Mi   Used Inodes: 0.0%

Options: 
api                 : POSIX
apiVersion          : 
test filename       : /tmp/e2sar/xmei-ior_n1_POSIX/ior-smoke
access              : single-shared-file
type                : independent
segments            : 1
ordering in a file  : sequential
ordering inter file : no tasks offsets
nodes               : 1
tasks               : 48
clients per node    : 48
repetitions         : 1
xfersize            : 16 MiB
blocksize           : 64 MiB
aggregate filesize  : 3 GiB

Results: 

access    bw(MiB/s)  IOPS       Latency(s)  block(KiB) xfer(KiB)  open(s)    wr/rd(s)   close(s)   total(s)   iter
------    ---------  ----       ----------  ---------- ---------  --------   --------   --------   --------   ----
write     957.20     60.13      0.064391    65536      16384      0.199068   3.19       2.94       3.21       0   
read      2282.52    145.49     0.242089    65536      16384      0.369367   1.32       1.18       1.35       0   

Summary of all tests:
Operation   Max(MiB)   Min(MiB)  Mean(MiB)     StdDev   Max(OPs)   Min(OPs)  Mean(OPs)     StdDev    Mean(s) Stonewall(s) Stonewall(MiB) Test# #Tasks tPN reps fPP reord reordoff reordrand seed segcnt   blksiz    xsize aggs(MiB)   API RefNum
write         957.20     957.20     957.20       0.00      59.83      59.83      59.83       0.00    3.20935         NA            NA     0     48  48    1   0     0        1         0    0      1 67108864 16777216    3072.0 POSIX      0
read         2282.52    2282.52    2282.52       0.00     142.66     142.66     142.66       0.00    1.34588         NA            NA     0     48  48    1   0     0        1         0    0      1 67108864 16777216    3072.0 POSIX      0
Finished            : Tue Jul 21 20:50:56 2026
Successfully destroyed container xmei-ior_n1_POSIX

Running IOR read-write (POSIX) tx_size=2M ppn=48 total_ranks=48
Successfully created container e4f25962-ff28-4125-9f40-4e94819aff0a
  Container UUID : e4f25962-ff28-4125-9f40-4e94819aff0a
  Container Label: xmei-ior_n1_POSIX                   
  Container Type : POSIX                               

Container xmei-ior_n1_POSIX created.
Properties for container xmei-ior_n1_POSIX
Name                                             Value                               
----                                             -----                               
Highest Allocated OID (alloc_oid)                0                                   
Checksum (cksum)                                 off                                 
Checksum Chunk Size (cksum_size)                 32 KiB                              
Compression (compression)                        off                                 
Deduplication (dedup)                            off                                 
Dedupe Threshold (dedup_threshold)               4.0 KiB                             
EC Cell Size (ec_cell_sz)                        64 KiB                              
Performance domain affinity level of EC (ec_pda) 1                                   
Encryption (encryption)                          off                                 
Global Version (global_version)                  3                                   
Group (group)                                    users@                              
Label (label)                                    xmei-ior_n1_POSIX                   
Layout Type (layout_type)                        POSIX (1)                           
Layout Version (layout_version)                  1                                   
Max Snapshot (max_snapshot)                      0                                   
Object Version (obj_version)                     2                                   
Owner (owner)                                    xmei@                               
Performance domain level (perf_domain)           root (255)                          
Redundancy Factor (rd_fac)                       rd_fac0                             
Redundancy Level (rd_lvl)                        node (2)                            
Performance domain affinity level of RP (rp_pda) 4294967295                          
Server Checksumming (srv_cksum)                  off                                 
Health (status)                                  HEALTHY                             
Access Control List (acl)                        A::OWNER@:rwdtTaAo, A:G:GROUP@:rwtT 
dfuse on /tmp/e2sar/xmei-ior_n1_POSIX type fuse.daos (rw,nosuid,nodev,noatime,user_id=38269,group_id=100,default_permissions)
Writing output to ../../../results/aurora/ior/ior-rw-3modes/ior_rw_POSIX_nocache_n-1_ppn-48_tx-2M_1784667068.csv
Writing output to ../../../results/aurora/ior/ior-rw-3modes/ior_rw_POSIX_nocache_n-1_ppn-48_tx-2M_1784667068.csv
Writing output to ../../../results/aurora/ior/ior-rw-3modes/ior_rw_POSIX_nocache_n-1_ppn-48_tx-2M_1784667068.csv
Writing output to ../../../results/aurora/ior/ior-rw-3modes/ior_rw_POSIX_nocache_n-1_ppn-48_tx-2M_1784667068.csv
Writing output to ../../../results/aurora/ior/ior-rw-3modes/ior_rw_POSIX_nocache_n-1_ppn-48_tx-2M_1784667068.csv
Writing output to ../../../results/aurora/ior/ior-rw-3modes/ior_rw_POSIX_nocache_n-1_ppn-48_tx-2M_1784667068.csv
Writing output to ../../../results/aurora/ior/ior-rw-3modes/ior_rw_POSIX_nocache_n-1_ppn-48_tx-2M_1784667068.csv
Writing output to ../../../results/aurora/ior/ior-rw-3modes/ior_rw_POSIX_nocache_n-1_ppn-48_tx-2M_1784667068.csv
Writing output to ../../../results/aurora/ior/ior-rw-3modes/ior_rw_POSIX_nocache_n-1_ppn-48_tx-2M_1784667068.csv
Writing output to ../../../results/aurora/ior/ior-rw-3modes/ior_rw_POSIX_nocache_n-1_ppn-48_tx-2M_1784667068.csv
Writing output to ../../../results/aurora/ior/ior-rw-3modes/ior_rw_POSIX_nocache_n-1_ppn-48_tx-2M_1784667068.csv
Writing output to ../../../results/aurora/ior/ior-rw-3modes/ior_rw_POSIX_nocache_n-1_ppn-48_tx-2M_1784667068.csv
Writing output to ../../../results/aurora/ior/ior-rw-3modes/ior_rw_POSIX_nocache_n-1_ppn-48_tx-2M_1784667068.csv
Writing output to ../../../results/aurora/ior/ior-rw-3modes/ior_rw_POSIX_nocache_n-1_ppn-48_tx-2M_1784667068.csv
Writing output to ../../../results/aurora/ior/ior-rw-3modes/ior_rw_POSIX_nocache_n-1_ppn-48_tx-2M_1784667068.csv
Writing output to ../../../results/aurora/ior/ior-rw-3modes/ior_rw_POSIX_nocache_n-1_ppn-48_tx-2M_1784667068.csv
Writing output to ../../../results/aurora/ior/ior-rw-3modes/ior_rw_POSIX_nocache_n-1_ppn-48_tx-2M_1784667068.csv
Writing output to ../../../results/aurora/ior/ior-rw-3modes/ior_rw_POSIX_nocache_n-1_ppn-48_tx-2M_1784667068.csv
Writing output to ../../../results/aurora/ior/ior-rw-3modes/ior_rw_POSIX_nocache_n-1_ppn-48_tx-2M_1784667068.csv
Writing output to ../../../results/aurora/ior/ior-rw-3modes/ior_rw_POSIX_nocache_n-1_ppn-48_tx-2M_1784667068.csv
Writing output to ../../../results/aurora/ior/ior-rw-3modes/ior_rw_POSIX_nocache_n-1_ppn-48_tx-2M_1784667068.csv
Writing output to ../../../results/aurora/ior/ior-rw-3modes/ior_rw_POSIX_nocache_n-1_ppn-48_tx-2M_1784667068.csv
Writing output to ../../../results/aurora/ior/ior-rw-3modes/ior_rw_POSIX_nocache_n-1_ppn-48_tx-2M_1784667068.csv
Writing output to ../../../results/aurora/ior/ior-rw-3modes/ior_rw_POSIX_nocache_n-1_ppn-48_tx-2M_1784667068.csv
Writing output to ../../../results/aurora/ior/ior-rw-3modes/ior_rw_POSIX_nocache_n-1_ppn-48_tx-2M_1784667068.csv
Writing output to ../../../results/aurora/ior/ior-rw-3modes/ior_rw_POSIX_nocache_n-1_ppn-48_tx-2M_1784667068.csv
Writing output to ../../../results/aurora/ior/ior-rw-3modes/ior_rw_POSIX_nocache_n-1_ppn-48_tx-2M_1784667068.csv
Writing output to ../../../results/aurora/ior/ior-rw-3modes/ior_rw_POSIX_nocache_n-1_ppn-48_tx-2M_1784667068.csv
Writing output to ../../../results/aurora/ior/ior-rw-3modes/ior_rw_POSIX_nocache_n-1_ppn-48_tx-2M_1784667068.csv
Writing output to ../../../results/aurora/ior/ior-rw-3modes/ior_rw_POSIX_nocache_n-1_ppn-48_tx-2M_1784667068.csv
Writing output to ../../../results/aurora/ior/ior-rw-3modes/ior_rw_POSIX_nocache_n-1_ppn-48_tx-2M_1784667068.csv
Writing output to ../../../results/aurora/ior/ior-rw-3modes/ior_rw_POSIX_nocache_n-1_ppn-48_tx-2M_1784667068.csv
Writing output to ../../../results/aurora/ior/ior-rw-3modes/ior_rw_POSIX_nocache_n-1_ppn-48_tx-2M_1784667068.csv
Writing output to ../../../results/aurora/ior/ior-rw-3modes/ior_rw_POSIX_nocache_n-1_ppn-48_tx-2M_1784667068.csv
Writing output to ../../../results/aurora/ior/ior-rw-3modes/ior_rw_POSIX_nocache_n-1_ppn-48_tx-2M_1784667068.csv
Writing output to ../../../results/aurora/ior/ior-rw-3modes/ior_rw_POSIX_nocache_n-1_ppn-48_tx-2M_1784667068.csv
Writing output to ../../../results/aurora/ior/ior-rw-3modes/ior_rw_POSIX_nocache_n-1_ppn-48_tx-2M_1784667068.csv
Writing output to ../../../results/aurora/ior/ior-rw-3modes/ior_rw_POSIX_nocache_n-1_ppn-48_tx-2M_1784667068.csv
Writing output to ../../../results/aurora/ior/ior-rw-3modes/ior_rw_POSIX_nocache_n-1_ppn-48_tx-2M_1784667068.csv
Writing output to ../../../results/aurora/ior/ior-rw-3modes/ior_rw_POSIX_nocache_n-1_ppn-48_tx-2M_1784667068.csv
Writing output to ../../../results/aurora/ior/ior-rw-3modes/ior_rw_POSIX_nocache_n-1_ppn-48_tx-2M_1784667068.csv
Writing output to ../../../results/aurora/ior/ior-rw-3modes/ior_rw_POSIX_nocache_n-1_ppn-48_tx-2M_1784667068.csv
Writing output to ../../../results/aurora/ior/ior-rw-3modes/ior_rw_POSIX_nocache_n-1_ppn-48_tx-2M_1784667068.csv
Writing output to ../../../results/aurora/ior/ior-rw-3modes/ior_rw_POSIX_nocache_n-1_ppn-48_tx-2M_1784667068.csv
Writing output to ../../../results/aurora/ior/ior-rw-3modes/ior_rw_POSIX_nocache_n-1_ppn-48_tx-2M_1784667068.csv
Writing output to ../../../results/aurora/ior/ior-rw-3modes/ior_rw_POSIX_nocache_n-1_ppn-48_tx-2M_1784667068.csv
Writing output to ../../../results/aurora/ior/ior-rw-3modes/ior_rw_POSIX_nocache_n-1_ppn-48_tx-2M_1784667068.csv
Writing output to ../../../results/aurora/ior/ior-rw-3modes/ior_rw_POSIX_nocache_n-1_ppn-48_tx-2M_1784667068.csv
Successfully destroyed container xmei-ior_n1_POSIX
########################################################
# Mode: POSIX_IL
########################################################
Running IOR smoke test (POSIX_IL)
Successfully created container c945e0d5-b172-4ab7-aeb3-0f62bab63384
  Container UUID : c945e0d5-b172-4ab7-aeb3-0f62bab63384
  Container Label: xmei-ior_n1_POSIX_IL                
  Container Type : POSIX                               

Container xmei-ior_n1_POSIX_IL created.
Properties for container xmei-ior_n1_POSIX_IL
Name                                             Value                               
----                                             -----                               
Highest Allocated OID (alloc_oid)                0                                   
Checksum (cksum)                                 off                                 
Checksum Chunk Size (cksum_size)                 32 KiB                              
Compression (compression)                        off                                 
Deduplication (dedup)                            off                                 
Dedupe Threshold (dedup_threshold)               4.0 KiB                             
EC Cell Size (ec_cell_sz)                        64 KiB                              
Performance domain affinity level of EC (ec_pda) 1                                   
Encryption (encryption)                          off                                 
Global Version (global_version)                  3                                   
Group (group)                                    users@                              
Label (label)                                    xmei-ior_n1_POSIX_IL                
Layout Type (layout_type)                        POSIX (1)                           
Layout Version (layout_version)                  1                                   
Max Snapshot (max_snapshot)                      0                                   
Object Version (obj_version)                     2                                   
Owner (owner)                                    xmei@                               
Performance domain level (perf_domain)           root (255)                          
Redundancy Factor (rd_fac)                       rd_fac0                             
Redundancy Level (rd_lvl)                        node (2)                            
Performance domain affinity level of RP (rp_pda) 4294967295                          
Server Checksumming (srv_cksum)                  off                                 
Health (status)                                  HEALTHY                             
Access Control List (acl)                        A::OWNER@:rwdtTaAo, A:G:GROUP@:rwtT 
dfuse on /tmp/e2sar/xmei-ior_n1_POSIX_IL type fuse.daos (rw,nosuid,nodev,noatime,user_id=38269,group_id=100,default_permissions)
IOR-4.0.0: MPI Coordinated Test of Parallel I/O
Began               : Tue Jul 21 21:18:39 2026
Command line        : /home/xmei/ior/install/bin/ior -a POSIX -w -r --posix.odirect -o /tmp/e2sar/xmei-ior_n1_POSIX_IL/ior-smoke -b 64M -t 16M
Machine             : Linux x4218c1s5b0n0
TestID              : 0
StartTime           : Tue Jul 21 21:18:39 2026
Path                : /tmp/e2sar/xmei-ior_n1_POSIX_IL/ior-smoke
FS                  : 90.9 TiB   Used FS: 15.4%   Inodes: -0.0 Mi   Used Inodes: 0.0%

Options: 
api                 : POSIX
apiVersion          : 
test filename       : /tmp/e2sar/xmei-ior_n1_POSIX_IL/ior-smoke
access              : single-shared-file
type                : independent
segments            : 1
ordering in a file  : sequential
ordering inter file : no tasks offsets
nodes               : 1
tasks               : 48
clients per node    : 48
repetitions         : 1
xfersize            : 16 MiB
blocksize           : 64 MiB
aggregate filesize  : 3 GiB

Results: 

access    bw(MiB/s)  IOPS       Latency(s)  block(KiB) xfer(KiB)  open(s)    wr/rd(s)   close(s)   total(s)   iter
------    ---------  ----       ----------  ---------- ---------  --------   --------   --------   --------   ----
write     851.64     53.28      0.001672    65536      16384      3.27       3.60       3.60       3.61       0   
read      7761       487.70     0.005274    65536      16384      0.003013   0.393683   0.372437   0.395810   0   

Summary of all tests:
Operation   Max(MiB)   Min(MiB)  Mean(MiB)     StdDev   Max(OPs)   Min(OPs)  Mean(OPs)     StdDev    Mean(s) Stonewall(s) Stonewall(MiB) Test# #Tasks tPN reps fPP reord reordoff reordrand seed segcnt   blksiz    xsize aggs(MiB)   API RefNum
write         851.64     851.64     851.64       0.00      53.23      53.23      53.23       0.00    3.60716         NA            NA     0     48  48    1   0     0        1         0    0      1 67108864 16777216    3072.0 POSIX      0
read         7761.30    7761.30    7761.30       0.00     485.08     485.08     485.08       0.00    0.39581         NA            NA     0     48  48    1   0     0        1         0    0      1 67108864 16777216    3072.0 POSIX      0
Finished            : Tue Jul 21 21:18:46 2026
Successfully destroyed container xmei-ior_n1_POSIX_IL

Running IOR read-write (POSIX_IL) tx_size=2M ppn=48 total_ranks=48
Successfully created container d72dbca3-a5a9-48fb-92be-995c49db50ea
  Container UUID : d72dbca3-a5a9-48fb-92be-995c49db50ea
  Container Label: xmei-ior_n1_POSIX_IL                
  Container Type : POSIX                               

Container xmei-ior_n1_POSIX_IL created.
Properties for container xmei-ior_n1_POSIX_IL
Name                                             Value                               
----                                             -----                               
Highest Allocated OID (alloc_oid)                0                                   
Checksum (cksum)                                 off                                 
Checksum Chunk Size (cksum_size)                 32 KiB                              
Compression (compression)                        off                                 
Deduplication (dedup)                            off                                 
Dedupe Threshold (dedup_threshold)               4.0 KiB                             
EC Cell Size (ec_cell_sz)                        64 KiB                              
Performance domain affinity level of EC (ec_pda) 1                                   
Encryption (encryption)                          off                                 
Global Version (global_version)                  3                                   
Group (group)                                    users@                              
Label (label)                                    xmei-ior_n1_POSIX_IL                
Layout Type (layout_type)                        POSIX (1)                           
Layout Version (layout_version)                  1                                   
Max Snapshot (max_snapshot)                      0                                   
Object Version (obj_version)                     2                                   
Owner (owner)                                    xmei@                               
Performance domain level (perf_domain)           root (255)                          
Redundancy Factor (rd_fac)                       rd_fac0                             
Redundancy Level (rd_lvl)                        node (2)                            
Performance domain affinity level of RP (rp_pda) 4294967295                          
Server Checksumming (srv_cksum)                  off                                 
Health (status)                                  HEALTHY                             
Access Control List (acl)                        A::OWNER@:rwdtTaAo, A:G:GROUP@:rwtT 
dfuse on /tmp/e2sar/xmei-ior_n1_POSIX_IL type fuse.daos (rw,nosuid,nodev,noatime,user_id=38269,group_id=100,default_permissions)
Writing output to ../../../results/aurora/ior/ior-rw-3modes/ior_rw_POSIX_IL_nocache_n-1_ppn-48_tx-2M_1784668739.csv
Writing output to ../../../results/aurora/ior/ior-rw-3modes/ior_rw_POSIX_IL_nocache_n-1_ppn-48_tx-2M_1784668739.csv
Writing output to ../../../results/aurora/ior/ior-rw-3modes/ior_rw_POSIX_IL_nocache_n-1_ppn-48_tx-2M_1784668739.csv
Writing output to ../../../results/aurora/ior/ior-rw-3modes/ior_rw_POSIX_IL_nocache_n-1_ppn-48_tx-2M_1784668739.csv
Writing output to ../../../results/aurora/ior/ior-rw-3modes/ior_rw_POSIX_IL_nocache_n-1_ppn-48_tx-2M_1784668739.csv
Writing output to ../../../results/aurora/ior/ior-rw-3modes/ior_rw_POSIX_IL_nocache_n-1_ppn-48_tx-2M_1784668739.csv
Writing output to ../../../results/aurora/ior/ior-rw-3modes/ior_rw_POSIX_IL_nocache_n-1_ppn-48_tx-2M_1784668739.csv
Writing output to ../../../results/aurora/ior/ior-rw-3modes/ior_rw_POSIX_IL_nocache_n-1_ppn-48_tx-2M_1784668739.csv
Writing output to ../../../results/aurora/ior/ior-rw-3modes/ior_rw_POSIX_IL_nocache_n-1_ppn-48_tx-2M_1784668739.csv
Writing output to ../../../results/aurora/ior/ior-rw-3modes/ior_rw_POSIX_IL_nocache_n-1_ppn-48_tx-2M_1784668739.csv
Writing output to ../../../results/aurora/ior/ior-rw-3modes/ior_rw_POSIX_IL_nocache_n-1_ppn-48_tx-2M_1784668739.csv
Writing output to ../../../results/aurora/ior/ior-rw-3modes/ior_rw_POSIX_IL_nocache_n-1_ppn-48_tx-2M_1784668739.csv
Writing output to ../../../results/aurora/ior/ior-rw-3modes/ior_rw_POSIX_IL_nocache_n-1_ppn-48_tx-2M_1784668739.csv
Writing output to ../../../results/aurora/ior/ior-rw-3modes/ior_rw_POSIX_IL_nocache_n-1_ppn-48_tx-2M_1784668739.csv
Writing output to ../../../results/aurora/ior/ior-rw-3modes/ior_rw_POSIX_IL_nocache_n-1_ppn-48_tx-2M_1784668739.csv
Writing output to ../../../results/aurora/ior/ior-rw-3modes/ior_rw_POSIX_IL_nocache_n-1_ppn-48_tx-2M_1784668739.csv
Writing output to ../../../results/aurora/ior/ior-rw-3modes/ior_rw_POSIX_IL_nocache_n-1_ppn-48_tx-2M_1784668739.csv
Writing output to ../../../results/aurora/ior/ior-rw-3modes/ior_rw_POSIX_IL_nocache_n-1_ppn-48_tx-2M_1784668739.csv
Writing output to ../../../results/aurora/ior/ior-rw-3modes/ior_rw_POSIX_IL_nocache_n-1_ppn-48_tx-2M_1784668739.csv
Writing output to ../../../results/aurora/ior/ior-rw-3modes/ior_rw_POSIX_IL_nocache_n-1_ppn-48_tx-2M_1784668739.csv
Writing output to ../../../results/aurora/ior/ior-rw-3modes/ior_rw_POSIX_IL_nocache_n-1_ppn-48_tx-2M_1784668739.csv
Writing output to ../../../results/aurora/ior/ior-rw-3modes/ior_rw_POSIX_IL_nocache_n-1_ppn-48_tx-2M_1784668739.csv
Writing output to ../../../results/aurora/ior/ior-rw-3modes/ior_rw_POSIX_IL_nocache_n-1_ppn-48_tx-2M_1784668739.csv
Writing output to ../../../results/aurora/ior/ior-rw-3modes/ior_rw_POSIX_IL_nocache_n-1_ppn-48_tx-2M_1784668739.csv
Writing output to ../../../results/aurora/ior/ior-rw-3modes/ior_rw_POSIX_IL_nocache_n-1_ppn-48_tx-2M_1784668739.csv
Writing output to ../../../results/aurora/ior/ior-rw-3modes/ior_rw_POSIX_IL_nocache_n-1_ppn-48_tx-2M_1784668739.csv
Writing output to ../../../results/aurora/ior/ior-rw-3modes/ior_rw_POSIX_IL_nocache_n-1_ppn-48_tx-2M_1784668739.csv
Writing output to ../../../results/aurora/ior/ior-rw-3modes/ior_rw_POSIX_IL_nocache_n-1_ppn-48_tx-2M_1784668739.csv
Writing output to ../../../results/aurora/ior/ior-rw-3modes/ior_rw_POSIX_IL_nocache_n-1_ppn-48_tx-2M_1784668739.csv
Writing output to ../../../results/aurora/ior/ior-rw-3modes/ior_rw_POSIX_IL_nocache_n-1_ppn-48_tx-2M_1784668739.csv
Writing output to ../../../results/aurora/ior/ior-rw-3modes/ior_rw_POSIX_IL_nocache_n-1_ppn-48_tx-2M_1784668739.csv
Writing output to ../../../results/aurora/ior/ior-rw-3modes/ior_rw_POSIX_IL_nocache_n-1_ppn-48_tx-2M_1784668739.csv
Writing output to ../../../results/aurora/ior/ior-rw-3modes/ior_rw_POSIX_IL_nocache_n-1_ppn-48_tx-2M_1784668739.csv
Writing output to ../../../results/aurora/ior/ior-rw-3modes/ior_rw_POSIX_IL_nocache_n-1_ppn-48_tx-2M_1784668739.csv
Writing output to ../../../results/aurora/ior/ior-rw-3modes/ior_rw_POSIX_IL_nocache_n-1_ppn-48_tx-2M_1784668739.csv
Writing output to ../../../results/aurora/ior/ior-rw-3modes/ior_rw_POSIX_IL_nocache_n-1_ppn-48_tx-2M_1784668739.csv
Writing output to ../../../results/aurora/ior/ior-rw-3modes/ior_rw_POSIX_IL_nocache_n-1_ppn-48_tx-2M_1784668739.csv
Writing output to ../../../results/aurora/ior/ior-rw-3modes/ior_rw_POSIX_IL_nocache_n-1_ppn-48_tx-2M_1784668739.csv
Writing output to ../../../results/aurora/ior/ior-rw-3modes/ior_rw_POSIX_IL_nocache_n-1_ppn-48_tx-2M_1784668739.csv
Writing output to ../../../results/aurora/ior/ior-rw-3modes/ior_rw_POSIX_IL_nocache_n-1_ppn-48_tx-2M_1784668739.csv
Writing output to ../../../results/aurora/ior/ior-rw-3modes/ior_rw_POSIX_IL_nocache_n-1_ppn-48_tx-2M_1784668739.csv
Writing output to ../../../results/aurora/ior/ior-rw-3modes/ior_rw_POSIX_IL_nocache_n-1_ppn-48_tx-2M_1784668739.csv
Writing output to ../../../results/aurora/ior/ior-rw-3modes/ior_rw_POSIX_IL_nocache_n-1_ppn-48_tx-2M_1784668739.csv
Writing output to ../../../results/aurora/ior/ior-rw-3modes/ior_rw_POSIX_IL_nocache_n-1_ppn-48_tx-2M_1784668739.csv
Writing output to ../../../results/aurora/ior/ior-rw-3modes/ior_rw_POSIX_IL_nocache_n-1_ppn-48_tx-2M_1784668739.csv
Writing output to ../../../results/aurora/ior/ior-rw-3modes/ior_rw_POSIX_IL_nocache_n-1_ppn-48_tx-2M_1784668739.csv
Writing output to ../../../results/aurora/ior/ior-rw-3modes/ior_rw_POSIX_IL_nocache_n-1_ppn-48_tx-2M_1784668739.csv
Writing output to ../../../results/aurora/ior/ior-rw-3modes/ior_rw_POSIX_IL_nocache_n-1_ppn-48_tx-2M_1784668739.csv
Successfully destroyed container xmei-ior_n1_POSIX_IL
Completed script in 1885 seconds
