============================================================
Controlled fio DFS sweep (Aurora): one object per job
============================================================
Campaign ID       : 20260806_032725
Repository root   : /home/xmei/iobench/pdsw26_daos-bench
Output directory  : /home/xmei/iobench/pdsw26_daos-bench/results/aurora/fio-dfs-256io-sweep-controlled-1file/20260806_032725
fio binary        : /home/xmei/local/bin/fio
fio version       : fio-3.42-67-gfb5b
DAOS pool         : e2sar
Repetitions       : 5
Configurations    : 4:64:2g 8:32:1g 16:16:512m 32:8:256m 64:4:128m
Block size        : 1M
Files per job     : 1
Total dataset     : 8g
Filename format   : fio_data.$jobnum.$filenum
Measured runtime  : 60 s
Ramp time         : 10 s
Thread mode       : 0 (1 => --thread=1)
============================================================

######## Repetition 1/5; rotation start=0 ########

------------------------------------------------------------
Repeat / position : 1/5, 1/5
Configuration     : numjobs=4, iodepth=64, aggregate_qd=256
Files per job     : 1
Total objects     : 4
Size per job      : 2g
Total dataset     : 8g
Container         : fio_dfs_controlled_1file_r1_p1_bs1M_nj4_iod64_1785986847
Result            : /home/xmei/iobench/pdsw26_daos-bench/results/aurora/fio-dfs-256io-sweep-controlled-1file/20260806_032725/fio_r1_p1_bs1M_nj4_iod64_1785986847.json
Start UTC         : 2026-08-06T03:27:27Z
------------------------------------------------------------
Command           : /home/xmei/local/bin/fio --output=/home/xmei/iobench/pdsw26_daos-bench/results/aurora/fio-dfs-256io-sweep-controlled-1file/20260806_032725/fio_r1_p1_bs1M_nj4_iod64_1785986847.json --output-format=json --name=rand_write --ioengine=dfs --pool=e2sar --cont=fio_dfs_controlled_1file_r1_p1_bs1M_nj4_iod64_1785986847 --filename_format=fio_data.\$jobnum.\$filenum --nrfiles=1 --openfiles=1 --filesize=2g --size=2g --bs=1M --numjobs=4 --iodepth=64 --rw=randwrite --runtime=60 --ramp_time=10 --time_based=1 --direct=1 --buffered=0 --group_reporting=1 --randrepeat=0 --norandommap=1 --refill_buffers=1 --lat_percentiles=1 --clat_percentiles=1 --slat_percentiles=1 --percentile_list=50:90:95:99:99.9:99.99 
Completed UTC      : 2026-08-06T03:28:46Z
Status             : ok

------------------------------------------------------------
Repeat / position : 1/5, 2/5
Configuration     : numjobs=8, iodepth=32, aggregate_qd=256
Files per job     : 1
Total objects     : 8
Size per job      : 1g
Total dataset     : 8g
Container         : fio_dfs_controlled_1file_r1_p2_bs1M_nj8_iod32_1785986932
Result            : /home/xmei/iobench/pdsw26_daos-bench/results/aurora/fio-dfs-256io-sweep-controlled-1file/20260806_032725/fio_r1_p2_bs1M_nj8_iod32_1785986932.json
Start UTC         : 2026-08-06T03:28:52Z
------------------------------------------------------------
Command           : /home/xmei/local/bin/fio --output=/home/xmei/iobench/pdsw26_daos-bench/results/aurora/fio-dfs-256io-sweep-controlled-1file/20260806_032725/fio_r1_p2_bs1M_nj8_iod32_1785986932.json --output-format=json --name=rand_write --ioengine=dfs --pool=e2sar --cont=fio_dfs_controlled_1file_r1_p2_bs1M_nj8_iod32_1785986932 --filename_format=fio_data.\$jobnum.\$filenum --nrfiles=1 --openfiles=1 --filesize=1g --size=1g --bs=1M --numjobs=8 --iodepth=32 --rw=randwrite --runtime=60 --ramp_time=10 --time_based=1 --direct=1 --buffered=0 --group_reporting=1 --randrepeat=0 --norandommap=1 --refill_buffers=1 --lat_percentiles=1 --clat_percentiles=1 --slat_percentiles=1 --percentile_list=50:90:95:99:99.9:99.99 
Completed UTC      : 2026-08-06T03:30:11Z
Status             : ok

------------------------------------------------------------
Repeat / position : 1/5, 3/5
Configuration     : numjobs=16, iodepth=16, aggregate_qd=256
Files per job     : 1
Total objects     : 16
Size per job      : 512m
Total dataset     : 8g
Container         : fio_dfs_controlled_1file_r1_p3_bs1M_nj16_iod16_1785987018
Result            : /home/xmei/iobench/pdsw26_daos-bench/results/aurora/fio-dfs-256io-sweep-controlled-1file/20260806_032725/fio_r1_p3_bs1M_nj16_iod16_1785987018.json
Start UTC         : 2026-08-06T03:30:18Z
------------------------------------------------------------
Command           : /home/xmei/local/bin/fio --output=/home/xmei/iobench/pdsw26_daos-bench/results/aurora/fio-dfs-256io-sweep-controlled-1file/20260806_032725/fio_r1_p3_bs1M_nj16_iod16_1785987018.json --output-format=json --name=rand_write --ioengine=dfs --pool=e2sar --cont=fio_dfs_controlled_1file_r1_p3_bs1M_nj16_iod16_1785987018 --filename_format=fio_data.\$jobnum.\$filenum --nrfiles=1 --openfiles=1 --filesize=512m --size=512m --bs=1M --numjobs=16 --iodepth=16 --rw=randwrite --runtime=60 --ramp_time=10 --time_based=1 --direct=1 --buffered=0 --group_reporting=1 --randrepeat=0 --norandommap=1 --refill_buffers=1 --lat_percentiles=1 --clat_percentiles=1 --slat_percentiles=1 --percentile_list=50:90:95:99:99.9:99.99 
Completed UTC      : 2026-08-06T03:31:37Z
Status             : ok

------------------------------------------------------------
Repeat / position : 1/5, 4/5
Configuration     : numjobs=32, iodepth=8, aggregate_qd=256
Files per job     : 1
Total objects     : 32
Size per job      : 256m
Total dataset     : 8g
Container         : fio_dfs_controlled_1file_r1_p4_bs1M_nj32_iod8_1785987104
Result            : /home/xmei/iobench/pdsw26_daos-bench/results/aurora/fio-dfs-256io-sweep-controlled-1file/20260806_032725/fio_r1_p4_bs1M_nj32_iod8_1785987104.json
Start UTC         : 2026-08-06T03:31:44Z
------------------------------------------------------------
Command           : /home/xmei/local/bin/fio --output=/home/xmei/iobench/pdsw26_daos-bench/results/aurora/fio-dfs-256io-sweep-controlled-1file/20260806_032725/fio_r1_p4_bs1M_nj32_iod8_1785987104.json --output-format=json --name=rand_write --ioengine=dfs --pool=e2sar --cont=fio_dfs_controlled_1file_r1_p4_bs1M_nj32_iod8_1785987104 --filename_format=fio_data.\$jobnum.\$filenum --nrfiles=1 --openfiles=1 --filesize=256m --size=256m --bs=1M --numjobs=32 --iodepth=8 --rw=randwrite --runtime=60 --ramp_time=10 --time_based=1 --direct=1 --buffered=0 --group_reporting=1 --randrepeat=0 --norandommap=1 --refill_buffers=1 --lat_percentiles=1 --clat_percentiles=1 --slat_percentiles=1 --percentile_list=50:90:95:99:99.9:99.99 
