============================================================
Controlled fio DFS sweep (Aurora): one object per job
============================================================
Campaign ID       : 20260806_054458
Repository root   : /home/xmei/iobench/pdsw26_daos-bench
Output directory  : /home/xmei/iobench/pdsw26_daos-bench/results/aurora/fio-dfs-256io-sweep-controlled-1file/20260806_054458
fio binary        : /home/xmei/local/bin/fio
fio version       : fio-3.42-67-gfb5b
DAOS pool         : e2sar
Repetitions       : 5
Configurations    : 4:64:2g 8:32:1g 16:16:512m
Block size        : 1M
Files per job     : 1
Total dataset     : 8g
Filename format   : fio_data.$jobnum.$filenum
Measured runtime  : 60 s
Ramp time         : 10 s
Thread mode       : 0 (1 => --thread=1)
============================================================

######## Repetition 1/5; rotation start=0 ########

------------------------------------------------------------
Repeat / position : 1/5, 1/3
Configuration     : numjobs=4, iodepth=64, aggregate_qd=256
Files per job     : 1
Total objects     : 4
Size per job      : 2g
Total dataset     : 8g
Container         : fio_dfs_controlled_1file_r1_p1_bs1M_nj4_iod64_1785995100
Result            : /home/xmei/iobench/pdsw26_daos-bench/results/aurora/fio-dfs-256io-sweep-controlled-1file/20260806_054458/fio_r1_p1_bs1M_nj4_iod64_1785995100.json
Start UTC         : 2026-08-06T05:45:00Z
------------------------------------------------------------
Command           : /home/xmei/local/bin/fio --output=/home/xmei/iobench/pdsw26_daos-bench/results/aurora/fio-dfs-256io-sweep-controlled-1file/20260806_054458/fio_r1_p1_bs1M_nj4_iod64_1785995100.json --output-format=json --name=rand_write --ioengine=dfs --pool=e2sar --cont=fio_dfs_controlled_1file_r1_p1_bs1M_nj4_iod64_1785995100 --filename_format=fio_data.\$jobnum.\$filenum --nrfiles=1 --openfiles=1 --filesize=2g --size=2g --bs=1M --numjobs=4 --iodepth=64 --rw=randwrite --runtime=60 --ramp_time=10 --time_based=1 --direct=1 --buffered=0 --group_reporting=1 --randrepeat=0 --norandommap=1 --refill_buffers=1 --lat_percentiles=1 --clat_percentiles=1 --slat_percentiles=1 --percentile_list=50:90:95:99:99.9:99.99 
Completed UTC      : 2026-08-06T05:46:18Z
Status             : ok

------------------------------------------------------------
Repeat / position : 1/5, 2/3
Configuration     : numjobs=8, iodepth=32, aggregate_qd=256
Files per job     : 1
Total objects     : 8
Size per job      : 1g
Total dataset     : 8g
Container         : fio_dfs_controlled_1file_r1_p2_bs1M_nj8_iod32_1785995185
Result            : /home/xmei/iobench/pdsw26_daos-bench/results/aurora/fio-dfs-256io-sweep-controlled-1file/20260806_054458/fio_r1_p2_bs1M_nj8_iod32_1785995185.json
Start UTC         : 2026-08-06T05:46:25Z
------------------------------------------------------------
Command           : /home/xmei/local/bin/fio --output=/home/xmei/iobench/pdsw26_daos-bench/results/aurora/fio-dfs-256io-sweep-controlled-1file/20260806_054458/fio_r1_p2_bs1M_nj8_iod32_1785995185.json --output-format=json --name=rand_write --ioengine=dfs --pool=e2sar --cont=fio_dfs_controlled_1file_r1_p2_bs1M_nj8_iod32_1785995185 --filename_format=fio_data.\$jobnum.\$filenum --nrfiles=1 --openfiles=1 --filesize=1g --size=1g --bs=1M --numjobs=8 --iodepth=32 --rw=randwrite --runtime=60 --ramp_time=10 --time_based=1 --direct=1 --buffered=0 --group_reporting=1 --randrepeat=0 --norandommap=1 --refill_buffers=1 --lat_percentiles=1 --clat_percentiles=1 --slat_percentiles=1 --percentile_list=50:90:95:99:99.9:99.99 
Completed UTC      : 2026-08-06T05:47:43Z
Status             : ok

------------------------------------------------------------
Repeat / position : 1/5, 3/3
Configuration     : numjobs=16, iodepth=16, aggregate_qd=256
Files per job     : 1
Total objects     : 16
Size per job      : 512m
Total dataset     : 8g
Container         : fio_dfs_controlled_1file_r1_p3_bs1M_nj16_iod16_1785995270
Result            : /home/xmei/iobench/pdsw26_daos-bench/results/aurora/fio-dfs-256io-sweep-controlled-1file/20260806_054458/fio_r1_p3_bs1M_nj16_iod16_1785995270.json
Start UTC         : 2026-08-06T05:47:50Z
------------------------------------------------------------
Command           : /home/xmei/local/bin/fio --output=/home/xmei/iobench/pdsw26_daos-bench/results/aurora/fio-dfs-256io-sweep-controlled-1file/20260806_054458/fio_r1_p3_bs1M_nj16_iod16_1785995270.json --output-format=json --name=rand_write --ioengine=dfs --pool=e2sar --cont=fio_dfs_controlled_1file_r1_p3_bs1M_nj16_iod16_1785995270 --filename_format=fio_data.\$jobnum.\$filenum --nrfiles=1 --openfiles=1 --filesize=512m --size=512m --bs=1M --numjobs=16 --iodepth=16 --rw=randwrite --runtime=60 --ramp_time=10 --time_based=1 --direct=1 --buffered=0 --group_reporting=1 --randrepeat=0 --norandommap=1 --refill_buffers=1 --lat_percentiles=1 --clat_percentiles=1 --slat_percentiles=1 --percentile_list=50:90:95:99:99.9:99.99 
Completed UTC      : 2026-08-06T05:49:09Z
Status             : ok

######## Repetition 2/5; rotation start=1 ########

------------------------------------------------------------
Repeat / position : 2/5, 1/3
Configuration     : numjobs=8, iodepth=32, aggregate_qd=256
Files per job     : 1
Total objects     : 8
Size per job      : 1g
Total dataset     : 8g
Container         : fio_dfs_controlled_1file_r2_p1_bs1M_nj8_iod32_1785995356
Result            : /home/xmei/iobench/pdsw26_daos-bench/results/aurora/fio-dfs-256io-sweep-controlled-1file/20260806_054458/fio_r2_p1_bs1M_nj8_iod32_1785995356.json
Start UTC         : 2026-08-06T05:49:16Z
------------------------------------------------------------
Command           : /home/xmei/local/bin/fio --output=/home/xmei/iobench/pdsw26_daos-bench/results/aurora/fio-dfs-256io-sweep-controlled-1file/20260806_054458/fio_r2_p1_bs1M_nj8_iod32_1785995356.json --output-format=json --name=rand_write --ioengine=dfs --pool=e2sar --cont=fio_dfs_controlled_1file_r2_p1_bs1M_nj8_iod32_1785995356 --filename_format=fio_data.\$jobnum.\$filenum --nrfiles=1 --openfiles=1 --filesize=1g --size=1g --bs=1M --numjobs=8 --iodepth=32 --rw=randwrite --runtime=60 --ramp_time=10 --time_based=1 --direct=1 --buffered=0 --group_reporting=1 --randrepeat=0 --norandommap=1 --refill_buffers=1 --lat_percentiles=1 --clat_percentiles=1 --slat_percentiles=1 --percentile_list=50:90:95:99:99.9:99.99 
Completed UTC      : 2026-08-06T05:50:34Z
Status             : ok

------------------------------------------------------------
Repeat / position : 2/5, 2/3
Configuration     : numjobs=16, iodepth=16, aggregate_qd=256
Files per job     : 1
Total objects     : 16
Size per job      : 512m
Total dataset     : 8g
Container         : fio_dfs_controlled_1file_r2_p2_bs1M_nj16_iod16_1785995440
Result            : /home/xmei/iobench/pdsw26_daos-bench/results/aurora/fio-dfs-256io-sweep-controlled-1file/20260806_054458/fio_r2_p2_bs1M_nj16_iod16_1785995440.json
Start UTC         : 2026-08-06T05:50:40Z
------------------------------------------------------------
Command           : /home/xmei/local/bin/fio --output=/home/xmei/iobench/pdsw26_daos-bench/results/aurora/fio-dfs-256io-sweep-controlled-1file/20260806_054458/fio_r2_p2_bs1M_nj16_iod16_1785995440.json --output-format=json --name=rand_write --ioengine=dfs --pool=e2sar --cont=fio_dfs_controlled_1file_r2_p2_bs1M_nj16_iod16_1785995440 --filename_format=fio_data.\$jobnum.\$filenum --nrfiles=1 --openfiles=1 --filesize=512m --size=512m --bs=1M --numjobs=16 --iodepth=16 --rw=randwrite --runtime=60 --ramp_time=10 --time_based=1 --direct=1 --buffered=0 --group_reporting=1 --randrepeat=0 --norandommap=1 --refill_buffers=1 --lat_percentiles=1 --clat_percentiles=1 --slat_percentiles=1 --percentile_list=50:90:95:99:99.9:99.99 
Completed UTC      : 2026-08-06T05:52:00Z
Status             : ok

------------------------------------------------------------
Repeat / position : 2/5, 3/3
Configuration     : numjobs=4, iodepth=64, aggregate_qd=256
Files per job     : 1
Total objects     : 4
Size per job      : 2g
Total dataset     : 8g
Container         : fio_dfs_controlled_1file_r2_p3_bs1M_nj4_iod64_1785995526
Result            : /home/xmei/iobench/pdsw26_daos-bench/results/aurora/fio-dfs-256io-sweep-controlled-1file/20260806_054458/fio_r2_p3_bs1M_nj4_iod64_1785995526.json
Start UTC         : 2026-08-06T05:52:06Z
------------------------------------------------------------
Command           : /home/xmei/local/bin/fio --output=/home/xmei/iobench/pdsw26_daos-bench/results/aurora/fio-dfs-256io-sweep-controlled-1file/20260806_054458/fio_r2_p3_bs1M_nj4_iod64_1785995526.json --output-format=json --name=rand_write --ioengine=dfs --pool=e2sar --cont=fio_dfs_controlled_1file_r2_p3_bs1M_nj4_iod64_1785995526 --filename_format=fio_data.\$jobnum.\$filenum --nrfiles=1 --openfiles=1 --filesize=2g --size=2g --bs=1M --numjobs=4 --iodepth=64 --rw=randwrite --runtime=60 --ramp_time=10 --time_based=1 --direct=1 --buffered=0 --group_reporting=1 --randrepeat=0 --norandommap=1 --refill_buffers=1 --lat_percentiles=1 --clat_percentiles=1 --slat_percentiles=1 --percentile_list=50:90:95:99:99.9:99.99 
Completed UTC      : 2026-08-06T05:53:24Z
Status             : ok

######## Repetition 3/5; rotation start=2 ########

------------------------------------------------------------
Repeat / position : 3/5, 1/3
Configuration     : numjobs=16, iodepth=16, aggregate_qd=256
Files per job     : 1
Total objects     : 16
Size per job      : 512m
Total dataset     : 8g
Container         : fio_dfs_controlled_1file_r3_p1_bs1M_nj16_iod16_1785995611
Result            : /home/xmei/iobench/pdsw26_daos-bench/results/aurora/fio-dfs-256io-sweep-controlled-1file/20260806_054458/fio_r3_p1_bs1M_nj16_iod16_1785995611.json
Start UTC         : 2026-08-06T05:53:31Z
------------------------------------------------------------
Command           : /home/xmei/local/bin/fio --output=/home/xmei/iobench/pdsw26_daos-bench/results/aurora/fio-dfs-256io-sweep-controlled-1file/20260806_054458/fio_r3_p1_bs1M_nj16_iod16_1785995611.json --output-format=json --name=rand_write --ioengine=dfs --pool=e2sar --cont=fio_dfs_controlled_1file_r3_p1_bs1M_nj16_iod16_1785995611 --filename_format=fio_data.\$jobnum.\$filenum --nrfiles=1 --openfiles=1 --filesize=512m --size=512m --bs=1M --numjobs=16 --iodepth=16 --rw=randwrite --runtime=60 --ramp_time=10 --time_based=1 --direct=1 --buffered=0 --group_reporting=1 --randrepeat=0 --norandommap=1 --refill_buffers=1 --lat_percentiles=1 --clat_percentiles=1 --slat_percentiles=1 --percentile_list=50:90:95:99:99.9:99.99 
Completed UTC      : 2026-08-06T05:54:50Z
Status             : ok

------------------------------------------------------------
Repeat / position : 3/5, 2/3
Configuration     : numjobs=4, iodepth=64, aggregate_qd=256
Files per job     : 1
Total objects     : 4
Size per job      : 2g
Total dataset     : 8g
Container         : fio_dfs_controlled_1file_r3_p2_bs1M_nj4_iod64_1785995697
Result            : /home/xmei/iobench/pdsw26_daos-bench/results/aurora/fio-dfs-256io-sweep-controlled-1file/20260806_054458/fio_r3_p2_bs1M_nj4_iod64_1785995697.json
Start UTC         : 2026-08-06T05:54:57Z
------------------------------------------------------------
Command           : /home/xmei/local/bin/fio --output=/home/xmei/iobench/pdsw26_daos-bench/results/aurora/fio-dfs-256io-sweep-controlled-1file/20260806_054458/fio_r3_p2_bs1M_nj4_iod64_1785995697.json --output-format=json --name=rand_write --ioengine=dfs --pool=e2sar --cont=fio_dfs_controlled_1file_r3_p2_bs1M_nj4_iod64_1785995697 --filename_format=fio_data.\$jobnum.\$filenum --nrfiles=1 --openfiles=1 --filesize=2g --size=2g --bs=1M --numjobs=4 --iodepth=64 --rw=randwrite --runtime=60 --ramp_time=10 --time_based=1 --direct=1 --buffered=0 --group_reporting=1 --randrepeat=0 --norandommap=1 --refill_buffers=1 --lat_percentiles=1 --clat_percentiles=1 --slat_percentiles=1 --percentile_list=50:90:95:99:99.9:99.99 
Completed UTC      : 2026-08-06T05:56:15Z
Status             : ok

------------------------------------------------------------
Repeat / position : 3/5, 3/3
Configuration     : numjobs=8, iodepth=32, aggregate_qd=256
Files per job     : 1
Total objects     : 8
Size per job      : 1g
Total dataset     : 8g
Container         : fio_dfs_controlled_1file_r3_p3_bs1M_nj8_iod32_1785995782
Result            : /home/xmei/iobench/pdsw26_daos-bench/results/aurora/fio-dfs-256io-sweep-controlled-1file/20260806_054458/fio_r3_p3_bs1M_nj8_iod32_1785995782.json
Start UTC         : 2026-08-06T05:56:22Z
------------------------------------------------------------
Command           : /home/xmei/local/bin/fio --output=/home/xmei/iobench/pdsw26_daos-bench/results/aurora/fio-dfs-256io-sweep-controlled-1file/20260806_054458/fio_r3_p3_bs1M_nj8_iod32_1785995782.json --output-format=json --name=rand_write --ioengine=dfs --pool=e2sar --cont=fio_dfs_controlled_1file_r3_p3_bs1M_nj8_iod32_1785995782 --filename_format=fio_data.\$jobnum.\$filenum --nrfiles=1 --openfiles=1 --filesize=1g --size=1g --bs=1M --numjobs=8 --iodepth=32 --rw=randwrite --runtime=60 --ramp_time=10 --time_based=1 --direct=1 --buffered=0 --group_reporting=1 --randrepeat=0 --norandommap=1 --refill_buffers=1 --lat_percentiles=1 --clat_percentiles=1 --slat_percentiles=1 --percentile_list=50:90:95:99:99.9:99.99 
Completed UTC      : 2026-08-06T05:57:40Z
Status             : ok

######## Repetition 4/5; rotation start=0 ########

------------------------------------------------------------
Repeat / position : 4/5, 1/3
Configuration     : numjobs=4, iodepth=64, aggregate_qd=256
Files per job     : 1
Total objects     : 4
Size per job      : 2g
Total dataset     : 8g
Container         : fio_dfs_controlled_1file_r4_p1_bs1M_nj4_iod64_1785995867
Result            : /home/xmei/iobench/pdsw26_daos-bench/results/aurora/fio-dfs-256io-sweep-controlled-1file/20260806_054458/fio_r4_p1_bs1M_nj4_iod64_1785995867.json
Start UTC         : 2026-08-06T05:57:47Z
------------------------------------------------------------
Command           : /home/xmei/local/bin/fio --output=/home/xmei/iobench/pdsw26_daos-bench/results/aurora/fio-dfs-256io-sweep-controlled-1file/20260806_054458/fio_r4_p1_bs1M_nj4_iod64_1785995867.json --output-format=json --name=rand_write --ioengine=dfs --pool=e2sar --cont=fio_dfs_controlled_1file_r4_p1_bs1M_nj4_iod64_1785995867 --filename_format=fio_data.\$jobnum.\$filenum --nrfiles=1 --openfiles=1 --filesize=2g --size=2g --bs=1M --numjobs=4 --iodepth=64 --rw=randwrite --runtime=60 --ramp_time=10 --time_based=1 --direct=1 --buffered=0 --group_reporting=1 --randrepeat=0 --norandommap=1 --refill_buffers=1 --lat_percentiles=1 --clat_percentiles=1 --slat_percentiles=1 --percentile_list=50:90:95:99:99.9:99.99 
Completed UTC      : 2026-08-06T05:59:05Z
Status             : ok

------------------------------------------------------------
Repeat / position : 4/5, 2/3
Configuration     : numjobs=8, iodepth=32, aggregate_qd=256
Files per job     : 1
Total objects     : 8
Size per job      : 1g
Total dataset     : 8g
Container         : fio_dfs_controlled_1file_r4_p2_bs1M_nj8_iod32_1785995952
Result            : /home/xmei/iobench/pdsw26_daos-bench/results/aurora/fio-dfs-256io-sweep-controlled-1file/20260806_054458/fio_r4_p2_bs1M_nj8_iod32_1785995952.json
Start UTC         : 2026-08-06T05:59:12Z
------------------------------------------------------------
Command           : /home/xmei/local/bin/fio --output=/home/xmei/iobench/pdsw26_daos-bench/results/aurora/fio-dfs-256io-sweep-controlled-1file/20260806_054458/fio_r4_p2_bs1M_nj8_iod32_1785995952.json --output-format=json --name=rand_write --ioengine=dfs --pool=e2sar --cont=fio_dfs_controlled_1file_r4_p2_bs1M_nj8_iod32_1785995952 --filename_format=fio_data.\$jobnum.\$filenum --nrfiles=1 --openfiles=1 --filesize=1g --size=1g --bs=1M --numjobs=8 --iodepth=32 --rw=randwrite --runtime=60 --ramp_time=10 --time_based=1 --direct=1 --buffered=0 --group_reporting=1 --randrepeat=0 --norandommap=1 --refill_buffers=1 --lat_percentiles=1 --clat_percentiles=1 --slat_percentiles=1 --percentile_list=50:90:95:99:99.9:99.99 
Completed UTC      : 2026-08-06T06:00:30Z
Status             : ok

------------------------------------------------------------
Repeat / position : 4/5, 3/3
Configuration     : numjobs=16, iodepth=16, aggregate_qd=256
Files per job     : 1
Total objects     : 16
Size per job      : 512m
Total dataset     : 8g
Container         : fio_dfs_controlled_1file_r4_p3_bs1M_nj16_iod16_1785996036
Result            : /home/xmei/iobench/pdsw26_daos-bench/results/aurora/fio-dfs-256io-sweep-controlled-1file/20260806_054458/fio_r4_p3_bs1M_nj16_iod16_1785996036.json
Start UTC         : 2026-08-06T06:00:36Z
------------------------------------------------------------
Command           : /home/xmei/local/bin/fio --output=/home/xmei/iobench/pdsw26_daos-bench/results/aurora/fio-dfs-256io-sweep-controlled-1file/20260806_054458/fio_r4_p3_bs1M_nj16_iod16_1785996036.json --output-format=json --name=rand_write --ioengine=dfs --pool=e2sar --cont=fio_dfs_controlled_1file_r4_p3_bs1M_nj16_iod16_1785996036 --filename_format=fio_data.\$jobnum.\$filenum --nrfiles=1 --openfiles=1 --filesize=512m --size=512m --bs=1M --numjobs=16 --iodepth=16 --rw=randwrite --runtime=60 --ramp_time=10 --time_based=1 --direct=1 --buffered=0 --group_reporting=1 --randrepeat=0 --norandommap=1 --refill_buffers=1 --lat_percentiles=1 --clat_percentiles=1 --slat_percentiles=1 --percentile_list=50:90:95:99:99.9:99.99 
Completed UTC      : 2026-08-06T06:01:56Z
Status             : ok

######## Repetition 5/5; rotation start=1 ########

------------------------------------------------------------
Repeat / position : 5/5, 1/3
Configuration     : numjobs=8, iodepth=32, aggregate_qd=256
Files per job     : 1
Total objects     : 8
Size per job      : 1g
Total dataset     : 8g
Container         : fio_dfs_controlled_1file_r5_p1_bs1M_nj8_iod32_1785996122
Result            : /home/xmei/iobench/pdsw26_daos-bench/results/aurora/fio-dfs-256io-sweep-controlled-1file/20260806_054458/fio_r5_p1_bs1M_nj8_iod32_1785996122.json
Start UTC         : 2026-08-06T06:02:02Z
------------------------------------------------------------
Command           : /home/xmei/local/bin/fio --output=/home/xmei/iobench/pdsw26_daos-bench/results/aurora/fio-dfs-256io-sweep-controlled-1file/20260806_054458/fio_r5_p1_bs1M_nj8_iod32_1785996122.json --output-format=json --name=rand_write --ioengine=dfs --pool=e2sar --cont=fio_dfs_controlled_1file_r5_p1_bs1M_nj8_iod32_1785996122 --filename_format=fio_data.\$jobnum.\$filenum --nrfiles=1 --openfiles=1 --filesize=1g --size=1g --bs=1M --numjobs=8 --iodepth=32 --rw=randwrite --runtime=60 --ramp_time=10 --time_based=1 --direct=1 --buffered=0 --group_reporting=1 --randrepeat=0 --norandommap=1 --refill_buffers=1 --lat_percentiles=1 --clat_percentiles=1 --slat_percentiles=1 --percentile_list=50:90:95:99:99.9:99.99 
Completed UTC      : 2026-08-06T06:03:21Z
Status             : ok

------------------------------------------------------------
Repeat / position : 5/5, 2/3
Configuration     : numjobs=16, iodepth=16, aggregate_qd=256
Files per job     : 1
Total objects     : 16
Size per job      : 512m
Total dataset     : 8g
Container         : fio_dfs_controlled_1file_r5_p2_bs1M_nj16_iod16_1785996207
Result            : /home/xmei/iobench/pdsw26_daos-bench/results/aurora/fio-dfs-256io-sweep-controlled-1file/20260806_054458/fio_r5_p2_bs1M_nj16_iod16_1785996207.json
Start UTC         : 2026-08-06T06:03:27Z
------------------------------------------------------------
Command           : /home/xmei/local/bin/fio --output=/home/xmei/iobench/pdsw26_daos-bench/results/aurora/fio-dfs-256io-sweep-controlled-1file/20260806_054458/fio_r5_p2_bs1M_nj16_iod16_1785996207.json --output-format=json --name=rand_write --ioengine=dfs --pool=e2sar --cont=fio_dfs_controlled_1file_r5_p2_bs1M_nj16_iod16_1785996207 --filename_format=fio_data.\$jobnum.\$filenum --nrfiles=1 --openfiles=1 --filesize=512m --size=512m --bs=1M --numjobs=16 --iodepth=16 --rw=randwrite --runtime=60 --ramp_time=10 --time_based=1 --direct=1 --buffered=0 --group_reporting=1 --randrepeat=0 --norandommap=1 --refill_buffers=1 --lat_percentiles=1 --clat_percentiles=1 --slat_percentiles=1 --percentile_list=50:90:95:99:99.9:99.99 
Completed UTC      : 2026-08-06T06:04:46Z
Status             : ok

------------------------------------------------------------
Repeat / position : 5/5, 3/3
Configuration     : numjobs=4, iodepth=64, aggregate_qd=256
Files per job     : 1
Total objects     : 4
Size per job      : 2g
Total dataset     : 8g
Container         : fio_dfs_controlled_1file_r5_p3_bs1M_nj4_iod64_1785996293
Result            : /home/xmei/iobench/pdsw26_daos-bench/results/aurora/fio-dfs-256io-sweep-controlled-1file/20260806_054458/fio_r5_p3_bs1M_nj4_iod64_1785996293.json
Start UTC         : 2026-08-06T06:04:53Z
------------------------------------------------------------
Command           : /home/xmei/local/bin/fio --output=/home/xmei/iobench/pdsw26_daos-bench/results/aurora/fio-dfs-256io-sweep-controlled-1file/20260806_054458/fio_r5_p3_bs1M_nj4_iod64_1785996293.json --output-format=json --name=rand_write --ioengine=dfs --pool=e2sar --cont=fio_dfs_controlled_1file_r5_p3_bs1M_nj4_iod64_1785996293 --filename_format=fio_data.\$jobnum.\$filenum --nrfiles=1 --openfiles=1 --filesize=2g --size=2g --bs=1M --numjobs=4 --iodepth=64 --rw=randwrite --runtime=60 --ramp_time=10 --time_based=1 --direct=1 --buffered=0 --group_reporting=1 --randrepeat=0 --norandommap=1 --refill_buffers=1 --lat_percentiles=1 --clat_percentiles=1 --slat_percentiles=1 --percentile_list=50:90:95:99:99.9:99.99 
Completed UTC      : 2026-08-06T06:06:11Z
Status             : ok

Campaign completed successfully (15 runs).
Output directory: /home/xmei/iobench/pdsw26_daos-bench/results/aurora/fio-dfs-256io-sweep-controlled-1file/20260806_054458
Manifest:         /home/xmei/iobench/pdsw26_daos-bench/results/aurora/fio-dfs-256io-sweep-controlled-1file/20260806_054458/manifest.tsv
Campaign log:     /home/xmei/iobench/pdsw26_daos-bench/results/aurora/fio-dfs-256io-sweep-controlled-1file/20260806_054458/campaign.log
Elapsed time:     00:21:18 (hh:mm:ss)
