============================================================
Controlled fio DFS sweep (Aurora): fixed 64-file layout
============================================================
Campaign ID       : 20260805_223852
Repository root   : /home/xmei/iobench/pdsw26_daos-bench
Output directory  : /home/xmei/iobench/pdsw26_daos-bench/results/aurora/fio-dfs-256io-sweep-controlled-64files/20260805_223852
fio binary        : /home/xmei/local/bin/fio
fio version       : fio-3.42-67-gfb5b
DAOS pool         : e2sar
Repetitions       : 5
Configurations    : 4:64:16:2g 8:32:8:1g 16:16:4:512m 32:8:2:256m 64:4:1:128m
Block size        : 1M
Total files       : 64
File size         : 128m
Total dataset     : 8g
Filename format   : fio_data.$jobnum.$filenum
Measured runtime  : 60 s
Ramp time         : 10 s
============================================================

######## Repetition 1/5; rotation start=0 ########

------------------------------------------------------------
Repeat / position : 1/5, 1/5
Configuration     : numjobs=4, iodepth=64, aggregate_qd=256
Files per job     : 16
Total files       : 64
File size         : 128m
Size per job      : 2g
Total dataset     : 8g
Container         : fio_dfs_controlled_64files_r1_p1_bs1M_nj4_iod64_1785969534
Result            : /home/xmei/iobench/pdsw26_daos-bench/results/aurora/fio-dfs-256io-sweep-controlled-64files/20260805_223852/fio_r1_p1_bs1M_nj4_iod64_1785969534.json
Start UTC         : 2026-08-05T22:38:54Z
------------------------------------------------------------
08/05-22:40:11.71 x4310c1s0b0n0 DAOS[178554/178554/0] dfs  ERR  src/client/dfs/obj.c:760 dfs_release() Failed to close DFS object, DER_NO_HDL(-1002): 'Invalid handle'
Failed to release fio_data.0.1: 22
08/05-22:40:11.71 x4310c1s0b0n0 DAOS[178555/178555/0] dfs  ERR  src/client/dfs/obj.c:760 dfs_release() Failed to close DFS object, DER_NO_HDL(-1002): 'Invalid handle'
Failed to release fio_data.3.1: 22
08/05-22:40:11.71 x4310c1s0b0n0 DAOS[178556/178556/0] dfs  ERR  src/client/dfs/obj.c:760 dfs_release() Failed to close DFS object, DER_NO_HDL(-1002): 'Invalid handle'
Failed to release fio_data.2.1: 22
08/05-22:40:11.71 x4310c1s0b0n0 DAOS[178557/178557/0] dfs  ERR  src/client/dfs/obj.c:760 dfs_release() Failed to close DFS object, DER_NO_HDL(-1002): 'Invalid handle'
Failed to release fio_data.1.1: 22
08/05-22:40:11.71 x4310c1s0b0n0 DAOS[178554/178554/0] dfs  ERR  src/client/dfs/obj.c:760 dfs_release() Failed to close DFS object, DER_NO_HDL(-1002): 'Invalid handle'
Failed to release fio_data.0.2: 22
08/05-22:40:11.71 x4310c1s0b0n0 DAOS[178554/178554/0] dfs  ERR  src/client/dfs/obj.c:760 dfs_release() Failed to close DFS object, DER_NO_HDL(-1002): 'Invalid handle'
Failed to release fio_data.0.3: 22
08/05-22:40:11.71 x4310c1s0b0n0 DAOS[178554/178554/0] dfs  ERR  src/client/dfs/obj.c:760 dfs_release() Failed to close DFS object, DER_NO_HDL(-1002): 'Invalid handle'
Failed to release fio_data.0.4: 22
08/05-22:40:11.71 x4310c1s0b0n0 DAOS[178554/178554/0] dfs  ERR  src/client/dfs/obj.c:760 dfs_release() Failed to close DFS object, DER_NO_HDL(-1002): 'Invalid handle'
Failed to release fio_data.0.5: 22
08/05-22:40:11.71 x4310c1s0b0n0 DAOS[178554/178554/0] dfs  ERR  src/client/dfs/obj.c:760 dfs_release() Failed to close DFS object, DER_NO_HDL(-1002): 'Invalid handle'
Failed to release fio_data.0.6: 22
08/05-22:40:11.71 x4310c1s0b0n0 DAOS[178554/178554/0] dfs  ERR  src/client/dfs/obj.c:760 dfs_release() Failed to close DFS object, DER_NO_HDL(-1002): 'Invalid handle'
Failed to release fio_data.0.7: 22
08/05-22:40:11.71 x4310c1s0b0n0 DAOS[178554/178554/0] dfs  ERR  src/client/dfs/obj.c:760 dfs_release() Failed to close DFS object, DER_NO_HDL(-1002): 'Invalid handle'
Failed to release fio_data.0.8: 22
08/05-22:40:11.71 x4310c1s0b0n0 DAOS[178554/178554/0] dfs  ERR  src/client/dfs/obj.c:760 dfs_release() Failed to close DFS object, DER_NO_HDL(-1002): 'Invalid handle'
Failed to release fio_data.0.9: 22
08/05-22:40:11.71 x4310c1s0b0n0 DAOS[178554/178554/0] dfs  ERR  src/client/dfs/obj.c:760 dfs_release() Failed to close DFS object, DER_NO_HDL(-1002): 'Invalid handle'
Failed to release fio_data.0.10: 22
08/05-22:40:11.71 x4310c1s0b0n0 DAOS[178554/178554/0] dfs  ERR  src/client/dfs/obj.c:760 dfs_release() Failed to close DFS object, DER_NO_HDL(-1002): 'Invalid handle'
Failed to release fio_data.0.11: 22
08/05-22:40:11.71 x4310c1s0b0n0 DAOS[178554/178554/0] dfs  ERR  src/client/dfs/obj.c:760 dfs_release() Failed to close DFS object, DER_NO_HDL(-1002): 'Invalid handle'
Failed to release fio_data.0.12: 22
08/05-22:40:11.71 x4310c1s0b0n0 DAOS[178554/178554/0] dfs  ERR  src/client/dfs/obj.c:760 dfs_release() Failed to close DFS object, DER_NO_HDL(-1002): 'Invalid handle'
Failed to release fio_data.0.13: 22
08/05-22:40:11.71 x4310c1s0b0n0 DAOS[178554/178554/0] dfs  ERR  src/client/dfs/obj.c:760 dfs_release() Failed to close DFS object, DER_NO_HDL(-1002): 'Invalid handle'
Failed to release fio_data.0.14: 22
08/05-22:40:11.71 x4310c1s0b0n0 DAOS[178554/178554/0] dfs  ERR  src/client/dfs/obj.c:760 dfs_release() Failed to close DFS object, DER_NO_HDL(-1002): 'Invalid handle'
Failed to release fio_data.0.15: 22
08/05-22:40:11.71 x4310c1s0b0n0 DAOS[178557/178557/0] dfs  ERR  src/client/dfs/obj.c:760 dfs_release() Failed to close DFS object, DER_NO_HDL(-1002): 'Invalid handle'
Failed to release fio_data.1.2: 22
08/05-22:40:11.71 x4310c1s0b0n0 DAOS[178557/178557/0] dfs  ERR  src/client/dfs/obj.c:760 dfs_release() Failed to close DFS object, DER_NO_HDL(-1002): 'Invalid handle'
Failed to release fio_data.1.3: 22
08/05-22:40:11.71 x4310c1s0b0n0 DAOS[178557/178557/0] dfs  ERR  src/client/dfs/obj.c:760 dfs_release() Failed to close DFS object, DER_NO_HDL(-1002): 'Invalid handle'
Failed to release fio_data.1.4: 22
08/05-22:40:11.71 x4310c1s0b0n0 DAOS[178557/178557/0] dfs  ERR  src/client/dfs/obj.c:760 dfs_release() Failed to close DFS object, DER_NO_HDL(-1002): 'Invalid handle'
Failed to release fio_data.1.5: 22
08/05-22:40:11.71 x4310c1s0b0n0 DAOS[178557/178557/0] dfs  ERR  src/client/dfs/obj.c:760 dfs_release() Failed to close DFS object, DER_NO_HDL(-1002): 'Invalid handle'
Failed to release fio_data.1.6: 22
08/05-22:40:11.71 x4310c1s0b0n0 DAOS[178557/178557/0] dfs  ERR  src/client/dfs/obj.c:760 dfs_release() Failed to close DFS object, DER_NO_HDL(-1002): 'Invalid handle'
Failed to release fio_data.1.7: 22
08/05-22:40:11.71 x4310c1s0b0n0 DAOS[178557/178557/0] dfs  ERR  src/client/dfs/obj.c:760 dfs_release() Failed to close DFS object, DER_NO_HDL(-1002): 'Invalid handle'
Failed to release fio_data.1.8: 22
08/05-22:40:11.71 x4310c1s0b0n0 DAOS[178557/178557/0] dfs  ERR  src/client/dfs/obj.c:760 dfs_release() Failed to close DFS object, DER_NO_HDL(-1002): 'Invalid handle'
Failed to release fio_data.1.9: 22
08/05-22:40:11.71 x4310c1s0b0n0 DAOS[178557/178557/0] dfs  ERR  src/client/dfs/obj.c:760 dfs_release() Failed to close DFS object, DER_NO_HDL(-1002): 'Invalid handle'
Failed to release fio_data.1.10: 22
08/05-22:40:11.71 x4310c1s0b0n0 DAOS[178557/178557/0] dfs  ERR  src/client/dfs/obj.c:760 dfs_release() Failed to close DFS object, DER_NO_HDL(-1002): 'Invalid handle'
Failed to release fio_data.1.11: 22
08/05-22:40:11.71 x4310c1s0b0n0 DAOS[178557/178557/0] dfs  ERR  src/client/dfs/obj.c:760 dfs_release() Failed to close DFS object, DER_NO_HDL(-1002): 'Invalid handle'
Failed to release fio_data.1.12: 22
08/05-22:40:11.71 x4310c1s0b0n0 DAOS[178557/178557/0] dfs  ERR  src/client/dfs/obj.c:760 dfs_release() Failed to close DFS object, DER_NO_HDL(-1002): 'Invalid handle'
Failed to release fio_data.1.13: 22
08/05-22:40:11.71 x4310c1s0b0n0 DAOS[178557/178557/0] dfs  ERR  src/client/dfs/obj.c:760 dfs_release() Failed to close DFS object, DER_NO_HDL(-1002): 'Invalid handle'
Failed to release fio_data.1.14: 22
08/05-22:40:11.71 x4310c1s0b0n0 DAOS[178557/178557/0] dfs  ERR  src/client/dfs/obj.c:760 dfs_release() Failed to close DFS object, DER_NO_HDL(-1002): 'Invalid handle'
Failed to release fio_data.1.15: 22
08/05-22:40:11.71 x4310c1s0b0n0 DAOS[178555/178555/0] dfs  ERR  src/client/dfs/obj.c:760 dfs_release() Failed to close DFS object, DER_NO_HDL(-1002): 'Invalid handle'
08/05-22:40:11.71 x4310c1s0b0n0 DAOS[178556/178556/0] dfs  ERR  src/client/dfs/obj.c:760 dfs_release() Failed to close DFS object, DER_NO_HDL(-1002): 'Invalid handle'
Failed to release fio_data.3.2: 22
Failed to release fio_data.2.2: 22
08/05-22:40:11.71 x4310c1s0b0n0 DAOS[178555/178555/0] dfs  ERR  src/client/dfs/obj.c:760 dfs_release() Failed to close DFS object, DER_NO_HDL(-1002): 'Invalid handle'
Failed to release fio_data.3.3: 22
08/05-22:40:11.71 x4310c1s0b0n0 DAOS[178556/178556/0] dfs  ERR  src/client/dfs/obj.c:760 dfs_release() Failed to close DFS object, DER_NO_HDL(-1002): 'Invalid handle'
08/05-22:40:11.71 x4310c1s0b0n0 DAOS[178555/178555/0] dfs  ERR  src/client/dfs/obj.c:760 dfs_release() Failed to close DFS object, DER_NO_HDL(-1002): 'Invalid handle'
Failed to release fio_data.2.3: 22
Failed to release fio_data.3.4: 22
08/05-22:40:11.71 x4310c1s0b0n0 DAOS[178556/178556/0] dfs  ERR  src/client/dfs/obj.c:760 dfs_release() Failed to close DFS object, DER_NO_HDL(-1002): 'Invalid handle'
Failed to release fio_data.2.4: 22
08/05-22:40:11.71 x4310c1s0b0n0 DAOS[178556/178556/0] dfs  ERR  src/client/dfs/obj.c:760 dfs_release() Failed to close DFS object, DER_NO_HDL(-1002): 'Invalid handle'
Failed to release fio_data.2.5: 22
08/05-22:40:11.71 x4310c1s0b0n0 DAOS[178555/178555/0] dfs  ERR  src/client/dfs/obj.c:760 dfs_release() Failed to close DFS object, DER_NO_HDL(-1002): 'Invalid handle'
Failed to release fio_data.3.5: 22
08/05-22:40:11.71 x4310c1s0b0n0 DAOS[178555/178555/0] dfs  ERR  src/client/dfs/obj.c:760 dfs_release() Failed to close DFS object, DER_NO_HDL(-1002): 'Invalid handle'
Failed to release fio_data.3.6: 22
08/05-22:40:11.71 x4310c1s0b0n0 DAOS[178555/178555/0] dfs  ERR  src/client/dfs/obj.c:760 dfs_release() Failed to close DFS object, DER_NO_HDL(-1002): 'Invalid handle'
Failed to release fio_data.3.7: 22
08/05-22:40:11.71 x4310c1s0b0n0 DAOS[178555/178555/0] dfs  ERR  src/client/dfs/obj.c:760 dfs_release() Failed to close DFS object, DER_NO_HDL(-1002): 'Invalid handle'
Failed to release fio_data.3.8: 22
08/05-22:40:11.71 x4310c1s0b0n0 DAOS[178555/178555/0] dfs  ERR  src/client/dfs/obj.c:760 dfs_release() Failed to close DFS object, DER_NO_HDL(-1002): 'Invalid handle'
Failed to release fio_data.3.9: 22
08/05-22:40:11.71 x4310c1s0b0n0 DAOS[178556/178556/0] dfs  ERR  src/client/dfs/obj.c:760 dfs_release() Failed to close DFS object, DER_NO_HDL(-1002): 'Invalid handle'
08/05-22:40:11.71 x4310c1s0b0n0 DAOS[178555/178555/0] dfs  ERR  src/client/dfs/obj.c:760 dfs_release() Failed to close DFS object, DER_NO_HDL(-1002): 'Invalid handle'
Failed to release fio_data.2.6: 22
Failed to release fio_data.3.10: 22
08/05-22:40:11.71 x4310c1s0b0n0 DAOS[178556/178556/0] dfs  ERR  src/client/dfs/obj.c:760 dfs_release() Failed to close DFS object, DER_NO_HDL(-1002): 'Invalid handle'
Failed to release fio_data.2.7: 22
08/05-22:40:11.71 x4310c1s0b0n0 DAOS[178555/178555/0] dfs  ERR  src/client/dfs/obj.c:760 dfs_release() Failed to close DFS object, DER_NO_HDL(-1002): 'Invalid handle'
Failed to release fio_data.3.11: 22
08/05-22:40:11.71 x4310c1s0b0n0 DAOS[178555/178555/0] dfs  ERR  src/client/dfs/obj.c:760 dfs_release() Failed to close DFS object, DER_NO_HDL(-1002): 'Invalid handle'
Failed to release fio_data.3.12: 22
08/05-22:40:11.71 x4310c1s0b0n0 DAOS[178555/178555/0] dfs  ERR  src/client/dfs/obj.c:760 dfs_release() Failed to close DFS object, DER_NO_HDL(-1002): 'Invalid handle'
Failed to release fio_data.3.13: 22
08/05-22:40:11.71 x4310c1s0b0n0 DAOS[178556/178556/0] dfs  ERR  src/client/dfs/obj.c:760 dfs_release() Failed to close DFS object, DER_NO_HDL(-1002): 'Invalid handle'
08/05-22:40:11.71 x4310c1s0b0n0 DAOS[178555/178555/0] dfs  ERR  src/client/dfs/obj.c:760 dfs_release() Failed to close DFS object, DER_NO_HDL(-1002): 'Invalid handle'
Failed to release fio_data.2.8: 22
Failed to release fio_data.3.14: 22
08/05-22:40:11.71 x4310c1s0b0n0 DAOS[178556/178556/0] dfs  ERR  src/client/dfs/obj.c:760 dfs_release() Failed to close DFS object, DER_NO_HDL(-1002): 'Invalid handle'
08/05-22:40:11.71 x4310c1s0b0n0 DAOS[178555/178555/0] dfs  ERR  src/client/dfs/obj.c:760 dfs_release() Failed to close DFS object, DER_NO_HDL(-1002): 'Invalid handle'
Failed to release fio_data.2.9: 22
Failed to release fio_data.3.15: 22
08/05-22:40:11.71 x4310c1s0b0n0 DAOS[178556/178556/0] dfs  ERR  src/client/dfs/obj.c:760 dfs_release() Failed to close DFS object, DER_NO_HDL(-1002): 'Invalid handle'
Failed to release fio_data.2.10: 22
08/05-22:40:11.71 x4310c1s0b0n0 DAOS[178556/178556/0] dfs  ERR  src/client/dfs/obj.c:760 dfs_release() Failed to close DFS object, DER_NO_HDL(-1002): 'Invalid handle'
Failed to release fio_data.2.11: 22
08/05-22:40:11.71 x4310c1s0b0n0 DAOS[178556/178556/0] dfs  ERR  src/client/dfs/obj.c:760 dfs_release() Failed to close DFS object, DER_NO_HDL(-1002): 'Invalid handle'
Failed to release fio_data.2.12: 22
08/05-22:40:11.71 x4310c1s0b0n0 DAOS[178556/178556/0] dfs  ERR  src/client/dfs/obj.c:760 dfs_release() Failed to close DFS object, DER_NO_HDL(-1002): 'Invalid handle'
Failed to release fio_data.2.13: 22
08/05-22:40:11.71 x4310c1s0b0n0 DAOS[178556/178556/0] dfs  ERR  src/client/dfs/obj.c:760 dfs_release() Failed to close DFS object, DER_NO_HDL(-1002): 'Invalid handle'
Failed to release fio_data.2.14: 22
08/05-22:40:11.71 x4310c1s0b0n0 DAOS[178556/178556/0] dfs  ERR  src/client/dfs/obj.c:760 dfs_release() Failed to close DFS object, DER_NO_HDL(-1002): 'Invalid handle'
Failed to release fio_data.2.15: 22
ERROR: fio failed with exit code 4.
Cleanup: destroying container 'fio_dfs_controlled_64files_r1_p1_bs1M_nj4_iod64_1785969534'...
